
 /----------------------------------------------------------------------------\
 |  yosys -- Yosys Open SYnthesis Suite                                       |
 |  Copyright (C) 2012 - 2025  Claire Xenia Wolf <claire@yosyshq.com>         |
 |  Distributed under an ISC-like license, type "license" to see terms        |
 \----------------------------------------------------------------------------/
 Yosys 0.53+60 (git sha1 209df95fb, g++ 13.3.0-6ubuntu2~24.04 -fPIC -O3)

-- Executing script file `design_smt2.ys' --

1. Executing RTLIL frontend.
Input filename: design_prep.il

2. Executing HIERARCHY pass (managing design hierarchy).
Attribute `top' found on module `rvfi_testbench'. Setting top module to rvfi_testbench.

2.1. Analyzing design hierarchy..
Top module:  \rvfi_testbench

2.2. Analyzing design hierarchy..
Top module:  \rvfi_testbench
Removed 0 unused modules.
Module rvfi_testbench directly or indirectly contains formal properties -> setting "keep" attribute.

3. Executing FORMALFF pass.

4. Executing DFFUNMAP pass (unmap clock enable and synchronous reset from FFs).

5. Printing statistics.

=== rvfi_testbench ===

   Number of wires:               3030
   Number of wire bits:          87666
   Number of public wires:        2875
   Number of public wire bits:   83265
   Number of ports:                  2
   Number of port bits:              2
   Number of memories:               0
   Number of memory bits:            0
   Number of processes:              0
   Number of cells:               1584
     $add                           89
     $and                          248
     $anyinit                       65
     $anyseq                        39
     $assert                        33
     $assume                         3
     $eq                            97
     $ff                             4
     $ge                            14
     $gt                             2
     $initstate                      1
     $le                             1
     $logic_and                      4
     $logic_not                     27
     $lt                            18
     $mem_v2                         7
     $mul                            2
     $mux                          723
     $ne                             4
     $neg                            9
     $not                           16
     $or                            11
     $pmux                          44
     $reduce_bool                    8
     $reduce_or                     33
     $scopeinfo                     47
     $shl                            7
     $shr                            4
     $sshr                           1
     $sub                           16
     $xor                            7

6. Executing SMT2 backend.

6.1. Executing BMUXMAP pass.

6.2. Executing DEMUXMAP pass.
Creating SMT-LIBv2 representation of module rvfi_testbench.

End of script. Logfile hash: 1b8176273a, CPU: user 0.25s system 0.02s, MEM: 41.17 MB peak
Yosys 0.53+60 (git sha1 209df95fb, g++ 13.3.0-6ubuntu2~24.04 -fPIC -O3)
Time spent: 64% 2x write_smt2 (0 sec), 29% 2x read_rtlil (0 sec), ...
