
 /----------------------------------------------------------------------------\
 |  yosys -- Yosys Open SYnthesis Suite                                       |
 |  Copyright (C) 2012 - 2025  Claire Xenia Wolf <claire@yosyshq.com>         |
 |  Distributed under an ISC-like license, type "license" to see terms        |
 \----------------------------------------------------------------------------/
 Yosys 0.53+60 (git sha1 209df95fb, g++ 13.3.0-6ubuntu2~24.04 -fPIC -O3)

-- Executing script file `design_prep.ys' --

1. Executing RTLIL frontend.
Input filename: design.il

2. Executing SCC pass (detecting logic loops).
Found 0 SCCs in module rvfi_testbench.
Found 0 SCCs.

3. Executing SIMPLEMAP pass (map simple cells to gate primitives).

4. Executing MEMORY_NORDFF pass (extracting $dff cells from memories).

5. Executing ASYNC2SYNC pass.
Replacing rvfi_testbench.$flatten\wrapper.\dut.\io_i.\io_memory_i.$procdff$31582 ($adff): ARST=\wrapper.dut.res_synchronizer_i._1_, D=\wrapper.dut.io_i.io_memory_i._009_, Q=\wrapper.dut.io_i.io_memory_i._087_
Replacing rvfi_testbench.$flatten\wrapper.\dut.\cpu_i.\register_file_i.$procdff$31708 ($adff): ARST=\wrapper.dut.res_synchronizer_i._1_, D=\wrapper.dut.cpu_i.register_file_i._035_, Q=\wrapper.dut.cpu_i.register_file_i._036_
Replacing rvfi_testbench.$flatten\wrapper.\dut.\cpu_i.\pf_if_pipeline_reg_i.$procdff$31705 ($adff): ARST=\wrapper.dut.res_synchronizer_i._1_, D=\wrapper.dut.cpu_i.pf_if_pipeline_reg_i._2_, Q=\wrapper.dut.cpu_i.pf_if_pipeline_reg_i._3_
Replacing rvfi_testbench.$flatten\wrapper.\dut.\cpu_i.\mem_wb_pipeline_reg_i.$procdff$31699 ($adff): ARST=\wrapper.dut.res_synchronizer_i._1_, D=\wrapper.dut.cpu_i.mem_wb_pipeline_reg_i._04_, Q=\wrapper.dut.cpu_i.mem_wb_pipeline_reg_i._05_
Replacing rvfi_testbench.$flatten\wrapper.\dut.\cpu_i.\mem_wb_pipeline_reg_i.$procdff$31696 ($adff): ARST=\wrapper.dut.res_synchronizer_i._1_, D=\wrapper.dut.cpu_i.mem_wb_pipeline_reg_i._06_, Q=\wrapper.dut.cpu_i.mem_wb_pipeline_reg_i._07_
Replacing rvfi_testbench.$flatten\wrapper.\dut.\cpu_i.\mem_wb_pipeline_reg_i.$procdff$31693 ($adff): ARST=\wrapper.dut.res_synchronizer_i._1_, D=\wrapper.dut.cpu_i.mem_wb_pipeline_reg_i._08_, Q=\wrapper.dut.cpu_i.mem_wb_pipeline_reg_i._09_
Replacing rvfi_testbench.$flatten\wrapper.\dut.\cpu_i.\mem_wb_pipeline_reg_i.$procdff$31690 ($adff): ARST=\wrapper.dut.res_synchronizer_i._1_, D=\wrapper.dut.cpu_i.mem_wb_pipeline_reg_i._10_, Q=\wrapper.dut.cpu_i.mem_wb_pipeline_reg_i._11_
Replacing rvfi_testbench.$flatten\wrapper.\dut.\cpu_i.\if_dc_pipeline_reg_i.$procdff$31686 ($adff): ARST=\wrapper.dut.res_synchronizer_i._1_, D=\wrapper.dut.cpu_i.if_dc_pipeline_reg_i._02_, Q=\wrapper.dut.cpu_i.if_dc_pipeline_reg_i._03_
Replacing rvfi_testbench.$flatten\wrapper.\dut.\cpu_i.\if_dc_pipeline_reg_i.$procdff$31683 ($adff): ARST=\wrapper.dut.res_synchronizer_i._1_, D=\wrapper.dut.cpu_i.if_dc_pipeline_reg_i._04_, Q=\wrapper.dut.cpu_i.if_dc_pipeline_reg_i._05_
Replacing rvfi_testbench.$flatten\wrapper.\dut.\cpu_i.\if_dc_pipeline_reg_i.$procdff$31680 ($adff): ARST=\wrapper.dut.res_synchronizer_i._1_, D=\wrapper.dut.cpu_i.if_dc_pipeline_reg_i._06_, Q=\wrapper.dut.cpu_i.if_dc_pipeline_reg_i._07_
Replacing rvfi_testbench.$flatten\wrapper.\dut.\cpu_i.\if_dc_pipeline_reg_i.$procdff$31677 ($adff): ARST=\wrapper.dut.res_synchronizer_i._1_, D=\wrapper.dut.cpu_i.if_dc_pipeline_reg_i._08_, Q=\wrapper.dut.cpu_i.if_dc_pipeline_reg_i._09_
Replacing rvfi_testbench.$flatten\wrapper.\dut.\cpu_i.\if_dc_pipeline_reg_i.$procdff$31674 ($adff): ARST=\wrapper.dut.res_synchronizer_i._1_, D=\wrapper.dut.cpu_i.if_dc_pipeline_reg_i._10_, Q=\wrapper.dut.cpu_i.if_dc_pipeline_reg_i._11_
Replacing rvfi_testbench.$flatten\wrapper.\dut.\cpu_i.\ex_mem_pipeline_reg_i.$procdff$31671 ($adff): ARST=\wrapper.dut.res_synchronizer_i._1_, D=\wrapper.dut.cpu_i.ex_mem_pipeline_reg_i._02_, Q=\wrapper.dut.cpu_i.ex_mem_pipeline_reg_i._03_
Replacing rvfi_testbench.$flatten\wrapper.\dut.\cpu_i.\ex_mem_pipeline_reg_i.$procdff$31668 ($adff): ARST=\wrapper.dut.res_synchronizer_i._1_, D=\wrapper.dut.cpu_i.ex_mem_pipeline_reg_i._04_, Q=\wrapper.dut.cpu_i.ex_mem_pipeline_reg_i._05_
Replacing rvfi_testbench.$flatten\wrapper.\dut.\cpu_i.\ex_mem_pipeline_reg_i.$procdff$31662 ($adff): ARST=\wrapper.dut.res_synchronizer_i._1_, D=\wrapper.dut.cpu_i.ex_mem_pipeline_reg_i._08_, Q=\wrapper.dut.cpu_i.ex_mem_pipeline_reg_i._09_
Replacing rvfi_testbench.$flatten\wrapper.\dut.\cpu_i.\ex_mem_pipeline_reg_i.$procdff$31659 ($adff): ARST=\wrapper.dut.res_synchronizer_i._1_, D=\wrapper.dut.cpu_i.ex_mem_pipeline_reg_i._10_, Q=\wrapper.dut.cpu_i.ex_mem_pipeline_reg_i._11_
Replacing rvfi_testbench.$flatten\wrapper.\dut.\cpu_i.\ex_mem_pipeline_reg_i.$procdff$31656 ($adff): ARST=\wrapper.dut.res_synchronizer_i._1_, D=\wrapper.dut.cpu_i.ex_mem_pipeline_reg_i._12_, Q=\wrapper.dut.cpu_i.ex_mem_pipeline_reg_i._13_
Replacing rvfi_testbench.$flatten\wrapper.\dut.\cpu_i.\ex_mem_pipeline_reg_i.$procdff$31653 ($adff): ARST=\wrapper.dut.res_synchronizer_i._1_, D=\wrapper.dut.cpu_i.ex_mem_pipeline_reg_i._14_, Q=\wrapper.dut.cpu_i.ex_mem_pipeline_reg_i._15_
Replacing rvfi_testbench.$flatten\wrapper.\dut.\cpu_i.\ex_mem_pipeline_reg_i.$procdff$31650 ($adff): ARST=\wrapper.dut.res_synchronizer_i._1_, D=\wrapper.dut.cpu_i.ex_mem_pipeline_reg_i._16_, Q=\wrapper.dut.cpu_i.ex_mem_pipeline_reg_i._17_
Replacing rvfi_testbench.$flatten\wrapper.\dut.\cpu_i.\divider_i.$procdff$31647 ($adff): ARST=\wrapper.dut.res_synchronizer_i._1_, D=\wrapper.dut.cpu_i.divider_i._8_, Q=\wrapper.dut.cpu_i.divider_i._9_
Replacing rvfi_testbench.$flatten\wrapper.\dut.\cpu_i.\dc_ex_pipeline_reg_i.$procdff$31644 ($adff): ARST=\wrapper.dut.res_synchronizer_i._1_, D=\wrapper.dut.cpu_i.dc_ex_pipeline_reg_i._02_, Q=\wrapper.dut.cpu_i.dc_ex_pipeline_reg_i._03_
Replacing rvfi_testbench.$flatten\wrapper.\dut.\cpu_i.\dc_ex_pipeline_reg_i.$procdff$31641 ($adff): ARST=\wrapper.dut.res_synchronizer_i._1_, D=\wrapper.dut.cpu_i.dc_ex_pipeline_reg_i._04_, Q=\wrapper.dut.cpu_i.dc_ex_pipeline_reg_i._05_
Replacing rvfi_testbench.$flatten\wrapper.\dut.\cpu_i.\dc_ex_pipeline_reg_i.$procdff$31638 ($adff): ARST=\wrapper.dut.res_synchronizer_i._1_, D=\wrapper.dut.cpu_i.dc_ex_pipeline_reg_i._06_, Q=\wrapper.dut.cpu_i.dc_ex_pipeline_reg_i._07_
Replacing rvfi_testbench.$flatten\wrapper.\dut.\cpu_i.\dc_ex_pipeline_reg_i.$procdff$31635 ($adff): ARST=\wrapper.dut.res_synchronizer_i._1_, D=\wrapper.dut.cpu_i.dc_ex_pipeline_reg_i._08_, Q=\wrapper.dut.cpu_i.dc_ex_pipeline_reg_i._09_
Replacing rvfi_testbench.$flatten\wrapper.\dut.\cpu_i.\dc_ex_pipeline_reg_i.$procdff$31632 ($adff): ARST=\wrapper.dut.res_synchronizer_i._1_, D=\wrapper.dut.cpu_i.dc_ex_pipeline_reg_i._10_, Q=\wrapper.dut.cpu_i.dc_ex_pipeline_reg_i._11_
Replacing rvfi_testbench.$flatten\wrapper.\dut.\cpu_i.\dc_ex_pipeline_reg_i.$procdff$31629 ($adff): ARST=\wrapper.dut.res_synchronizer_i._1_, D=\wrapper.dut.cpu_i.dc_ex_pipeline_reg_i._12_, Q=\wrapper.dut.cpu_i.dc_ex_pipeline_reg_i._13_
Replacing rvfi_testbench.$flatten\wrapper.\dut.\cpu_i.\dc_ex_pipeline_reg_i.$procdff$31626 ($adff): ARST=\wrapper.dut.res_synchronizer_i._1_, D=\wrapper.dut.cpu_i.dc_ex_pipeline_reg_i._14_, Q=\wrapper.dut.cpu_i.dc_ex_pipeline_reg_i._15_
Replacing rvfi_testbench.$flatten\wrapper.\dut.\cpu_i.\dc_ex_pipeline_reg_i.$procdff$31623 ($adff): ARST=\wrapper.dut.res_synchronizer_i._1_, D=\wrapper.dut.cpu_i.dc_ex_pipeline_reg_i._16_, Q=\wrapper.dut.cpu_i.dc_ex_pipeline_reg_i._17_
Replacing rvfi_testbench.$flatten\wrapper.\dut.\cpu_i.\dc_ex_pipeline_reg_i.$procdff$31620 ($adff): ARST=\wrapper.dut.res_synchronizer_i._1_, D=\wrapper.dut.cpu_i.dc_ex_pipeline_reg_i._18_, Q=\wrapper.dut.cpu_i.dc_ex_pipeline_reg_i._19_
Replacing rvfi_testbench.$flatten\wrapper.\dut.\cpu_i.\dc_ex_pipeline_reg_i.$procdff$31614 ($adff): ARST=\wrapper.dut.res_synchronizer_i._1_, D=\wrapper.dut.cpu_i.dc_ex_pipeline_reg_i._22_, Q=\wrapper.dut.cpu_i.dc_ex_pipeline_reg_i._23_
Replacing rvfi_testbench.$flatten\wrapper.\dut.\cpu_i.\dc_ex_pipeline_reg_i.$procdff$31611 ($adff): ARST=\wrapper.dut.res_synchronizer_i._1_, D=\wrapper.dut.cpu_i.dc_ex_pipeline_reg_i._24_, Q=\wrapper.dut.cpu_i.dc_ex_pipeline_reg_i._25_
Replacing rvfi_testbench.$flatten\wrapper.\dut.\cpu_i.\dc_ex_pipeline_reg_i.$procdff$31608 ($adff): ARST=\wrapper.dut.res_synchronizer_i._1_, D=\wrapper.dut.cpu_i.dc_ex_pipeline_reg_i._26_, Q=\wrapper.dut.cpu_i.dc_ex_pipeline_reg_i._27_
Replacing rvfi_testbench.$flatten\wrapper.\dut.\cpu_i.\dc_ex_pipeline_reg_i.$procdff$31605 ($adff): ARST=\wrapper.dut.res_synchronizer_i._1_, D=\wrapper.dut.cpu_i.dc_ex_pipeline_reg_i._28_, Q=\wrapper.dut.cpu_i.dc_ex_pipeline_reg_i._29_
Replacing rvfi_testbench.$flatten\wrapper.\dut.\cpu_i.\dc_ex_pipeline_reg_i.$procdff$31602 ($adff): ARST=\wrapper.dut.res_synchronizer_i._1_, D=\wrapper.dut.cpu_i.dc_ex_pipeline_reg_i._30_, Q=\wrapper.dut.cpu_i.dc_ex_pipeline_reg_i._31_
Replacing rvfi_testbench.$flatten\wrapper.\dut.\cpu_i.\dc_ex_pipeline_reg_i.$procdff$31599 ($adff): ARST=\wrapper.dut.res_synchronizer_i._1_, D=\wrapper.dut.cpu_i.dc_ex_pipeline_reg_i._32_, Q=\wrapper.dut.cpu_i.dc_ex_pipeline_reg_i._33_
Replacing rvfi_testbench.$flatten\wrapper.\dut.\cpu_i.\dc_ex_pipeline_reg_i.$procdff$31596 ($adff): ARST=\wrapper.dut.res_synchronizer_i._1_, D=\wrapper.dut.cpu_i.dc_ex_pipeline_reg_i._34_, Q=\wrapper.dut.cpu_i.dc_ex_pipeline_reg_i._35_
Replacing rvfi_testbench.$flatten\wrapper.\dut.\cpu_i.\dc_ex_pipeline_reg_i.$procdff$31593 ($adff): ARST=\wrapper.dut.res_synchronizer_i._1_, D=\wrapper.dut.cpu_i.dc_ex_pipeline_reg_i._36_, Q=\wrapper.dut.cpu_i.dc_ex_pipeline_reg_i._37_
Replacing rvfi_testbench.$flatten\wrapper.\dut.\cpu_i.\dc_ex_pipeline_reg_i.$procdff$31590 ($adff): ARST=\wrapper.dut.res_synchronizer_i._1_, D=\wrapper.dut.cpu_i.dc_ex_pipeline_reg_i._38_, Q=\wrapper.dut.cpu_i.dc_ex_pipeline_reg_i._39_
Replacing rvfi_testbench.$flatten\wrapper.\dut.\cpu_i.$procdff$31723 ($adff): ARST=\wrapper.dut.res_synchronizer_i._1_, D={ 183'000000000000000000000000000000000000000000000000000000000000000000000000000000000000000000000000000000000000000000000000000000000000000000000000000000000000000000000000000000000000000 \wrapper.dut.cpu_i._104_ 20'00000000000000000000 \wrapper.dut.cpu_i._141_ 105'000111000000000000000000000000000000000000000000000000000000000000000000000000000000000000000000000000000 \wrapper.dut.res_synchronizer_i._1_ }, Q=\wrapper.dut.cpu_i._098_ [350:0]
Replacing rvfi_testbench.$flatten\wrapper.\dut.\cpu_i.$procdff$31720 ($adff): ARST=\wrapper.dut.res_synchronizer_i._1_, D={ \wrapper.dut.cpu_i._098_ [350:247] \wrapper.dut.cpu_i._038_ \wrapper.dut.cpu_i._083_ \wrapper.dut.cpu_i._082_ \wrapper.dut.cpu_i._040_ \wrapper.dut.cpu_i._039_ \wrapper.dut.cpu_i._106_ \wrapper.dut.cpu_i._098_ [135:97] \wrapper.dut.cpu_i.if_dc_pipeline_reg_i._05_ \wrapper.dut.cpu_i._098_ [64:1] \wrapper.dut.cpu_i._109_ }, Q=\wrapper.dut.cpu_i._099_ [350:0]
Replacing rvfi_testbench.$flatten\wrapper.\dut.\cpu_i.$procdff$31717 ($adff): ARST=\wrapper.dut.res_synchronizer_i._1_, D={ \wrapper.dut.cpu_i._099_ [350:168] \wrapper.dut.cpu_i._111_ \wrapper.dut.cpu_i._099_ [135:1] \wrapper.dut.cpu_i._112_ }, Q=\wrapper.dut.cpu_i._100_ [350:0]
Replacing rvfi_testbench.$flatten\wrapper.\dut.\cpu_i.$procdff$31714 ($adff): ARST=\wrapper.dut.res_synchronizer_i._1_, D={ \wrapper.dut.cpu_i._140_ \wrapper.dut.cpu_i._100_ [350:319] \wrapper.dut.cpu_i._124_ \wrapper.dut.cpu_i._116_ 22'0000000000000000000000 \wrapper.dut.cpu_i._114_ [9:0] \wrapper.dut.cpu_i._100_ [278:0] }, Q=\wrapper.dut.cpu_i._101_
Replacing rvfi_testbench.$flatten\wrapper.\dut.\cpu_i.$procdff$31711 ($adff): ARST=\wrapper.dut.res_synchronizer_i._1_, D=\wrapper.dut.cpu_i._101_, Q=\wrapper.dut.cpu_i._102_

6. Executing OPT_CLEAN pass (remove unused cells and wires).
Finding unused cells or wires in module \rvfi_testbench..
Removed 74 unused cells and 74 unused wires.
<suppressed ~75 debug messages>

7. Executing FORMALFF pass.

8. Executing OPT_CLEAN pass (remove unused cells and wires).
Finding unused cells or wires in module \rvfi_testbench..
Removed 6 unused cells and 6 unused wires.
<suppressed ~7 debug messages>

9. Executing CHECK pass (checking for obvious problems).
Checking module rvfi_testbench...
Found and reported 0 problems.

10. Executing SETUNDEF pass (replace undef values with defined constants).

11. Executing OPT pass (performing simple optimizations).

11.1. Executing OPT_EXPR pass (perform const folding).
Optimizing module rvfi_testbench.

11.2. Executing OPT_MERGE pass (detect identical cells).
Finding identical cells in module `\rvfi_testbench'.
Removed a total of 0 cells.

11.3. Executing OPT_DFF pass (perform DFF optimizations).

11.4. Executing OPT_CLEAN pass (remove unused cells and wires).
Finding unused cells or wires in module \rvfi_testbench..
Removed 1388 unused cells and 1556 unused wires.
<suppressed ~1557 debug messages>

11.5. Finished fast OPT passes.

12. Executing OPT_CLEAN pass (remove unused cells and wires).
Finding unused cells or wires in module \rvfi_testbench..
Removed 0 unused cells and 82 unused wires.
<suppressed ~1 debug messages>

13. Executing RTLIL backend.
Output filename: ../model/design_prep.il

End of script. Logfile hash: b3b6b1f26f, CPU: user 1.83s system 0.03s, MEM: 61.05 MB peak
Yosys 0.53+60 (git sha1 209df95fb, g++ 13.3.0-6ubuntu2~24.04 -fPIC -O3)
Time spent: 62% 4x opt_clean (1 sec), 7% 1x check (0 sec), ...
